// Jest Snapshot v1, https://goo.gl/fbAQLP

exports[`screen: Home matches snapshot 1`] = `
<div
  description="description"
  id="Layout"
  image="/images/assets/Facebook-Forbole.png"
  navLink="/"
  title="forbole"
  twitterImage="/images/assets/Twitter-Forbole.png"
>
  <div
    className="MuiBox-root css-17ojfhh"
  >
    <div
      className="MuiBox-root css-rbdyf8"
    />
    <div
      className="MuiBox-root css-1vud5kq"
    >
      <div
        className="MuiBox-root css-1p1g7i8"
      />
      <p
        className="MuiTypography-root MuiTypography-body1 css-7so9kd-MuiTypography-root"
      >
        titleD
      </p>
      <div
        className="MuiBox-root css-xt8px5"
      />
      <div
        className="MuiBox-root css-xyedca"
      />
    </div>
  </div>
</div>
`;
